SUDO_GID=1000
MAIL=/var/mail/USER
USER=USER
HOME=/home/ubuntu
LC_TERMINAL_VERSION=3.3.9
SUDO_UID=1000
LOGNAME=USER
TERM=xterm-256color
USERNAME=USER
PATH=/usr/local/sbin:/usr/local/bin:/usr/sbin:/usr/bin:/sbin:/bin:/snap/bin
LANG=en_US.UTF-8
LS_COLORS=rs=0:di=01;34:ln=01;36:mh=00:pi=40;33:so=01;35:do=01;35:bd=40;33;01:cd=40;33;01:or=40;31;01:mi=00:su=37;41:sg=30;43:ca=30;41:tw=30;42:ow=34;42:st=37;44:ex=01;32:*.tar=01;31:*.tgz=01;31:*.arc=01;31:*.arj=01;31:*.taz=01;31:*.lha=01;31:*.lz4=01;31:*.lzh=01;31:*.lzma=01;31:*.tlz=01;31:*.txz=01;31:*.tzo=01;31:*.t7z=01;31:*.zip=01;31:*.z=01;31:*.Z=01;31:*.dz=01;31:*.gz=01;31:*.lrz=01;31:*.lz=01;31:*.lzo=01;31:*.xz=01;31:*.bz2=01;31:*.bz=01;31:*.tbz=01;31:*.tbz2=01;31:*.tz=01;31:*.deb=01;31:*.rpm=01;31:*.jar=01;31:*.war=01;31:*.ear=01;31:*.sar=01;31:*.rar=01;31:*.alz=01;31:*.ace=01;31:*.zoo=01;31:*.cpio=01;31:*.7z=01;31:*.rz=01;31:*.cab=01;31:*.jpg=01;35:*.jpeg=01;35:*.gif=01;35:*.bmp=01;35:*.pbm=01;35:*.pgm=01;35:*.ppm=01;35:*.tga=01;35:*.xbm=01;35:*.xpm=01;35:*.tif=01;35:*.tiff=01;35:*.png=01;35:*.svg=01;35:*.svgz=01;35:*.mng=01;35:*.pcx=01;35:*.mov=01;35:*.mpg=01;35:*.mpeg=01;35:*.m2v=01;35:*.mkv=01;35:*.webm=01;35:*.ogm=01;35:*.mp4=01;35:*.m4v=01;35:*.mp4v=01;35:*.vob=01;35:*.qt=01;35:*.nuv=01;35:*.wmv=01;35:*.asf=01;35:*.rm=01;35:*.rmvb=01;35:*.flc=01;35:*.avi=01;35:*.fli=01;35:*.flv=01;35:*.gl=01;35:*.dl=01;35:*.xcf=01;35:*.xwd=01;35:*.yuv=01;35:*.cgm=01;35:*.emf=01;35:*.ogv=01;35:*.ogx=01;35:*.aac=00;36:*.au=00;36:*.flac=00;36:*.m4a=00;36:*.mid=00;36:*.midi=00;36:*.mka=00;36:*.mp3=00;36:*.mpc=00;36:*.ogg=00;36:*.ra=00;36:*.wav=00;36:*.oga=00;36:*.opus=00;36:*.spx=00;36:*.xspf=00;36:
SUDO_COMMAND=/bin/sh collect_environment.sh
SHELL=/bin/bash
SUDO_USER=ubuntu
LC_TERMINAL=iTerm2
PWD=/home/ubuntu/Author-Kit
Distributor ID:	Ubuntu
Description:	Ubuntu 16.04.6 LTS
Release:	16.04
Codename:	xenial
Linux ip-172-31-24-147 4.4.0-1105-aws #116-Ubuntu SMP Wed Mar 18 05:11:57 UTC 2020 x86_64 x86_64 x86_64 GNU/Linux
Architecture:          x86_64
CPU op-mode(s):        32-bit, 64-bit
Byte Order:            Little Endian
CPU(s):                96
On-line CPU(s) list:   0-95
Thread(s) per core:    2
Core(s) per socket:    24
Socket(s):             2
NUMA node(s):          2
Vendor ID:             GenuineIntel
CPU family:            6
Model:                 85
Model name:            Intel(R) Xeon(R) Platinum 8175M CPU @ 2.50GHz
Stepping:              4
CPU MHz:               2499.998
BogoMIPS:              4999.99
Hypervisor vendor:     KVM
Virtualization type:   full
L1d cache:             32K
L1i cache:             32K
L2 cache:              1024K
L3 cache:              33792K
NUMA node0 CPU(s):     0-23,48-71
NUMA node1 CPU(s):     24-47,72-95
Flags:                 fpu vme de pse tsc msr pae mce cx8 apic sep mtrr pge mca cmov pat pse36 clflush mmx fxsr sse sse2 ss ht syscall nx pdpe1gb rdtscp lm constant_tsc arch_perfmon rep_good nopl xtopology nonstop_tsc aperfmperf tsc_known_freq pni pclmulqdq monitor ssse3 fma cx16 pcid sse4_1 sse4_2 x2apic movbe popcnt tsc_deadline_timer aes xsave avx f16c rdrand hypervisor lahf_lm abm 3dnowprefetch invpcid_single kaiser fsgsbase tsc_adjust bmi1 hle avx2 smep bmi2 erms invpcid rtm mpx avx512f rdseed adx smap clflushopt clwb avx512cd xsaveopt xsavec xgetbv1 ida arat pku
MemTotal:       784111880 kB
MemFree:        781557280 kB
MemAvailable:   780204296 kB
Buffers:           32500 kB
Cached:           383968 kB
SwapCached:            0 kB
Active:           295220 kB
Inactive:         164612 kB
Active(anon):      46720 kB
Inactive(anon):     8360 kB
Active(file):     248500 kB
Inactive(file):   156252 kB
Unevictable:        3652 kB
Mlocked:            3652 kB
SwapTotal:             0 kB
SwapFree:              0 kB
Dirty:            100744 kB
Writeback:             0 kB
AnonPages:         47472 kB
Mapped:            54940 kB
Shmem:              8996 kB
Slab:             207496 kB
SReclaimable:      50580 kB
SUnreclaim:       156916 kB
KernelStack:       14944 kB
PageTables:         3136 kB
NFS_Unstable:          0 kB
Bounce:                0 kB
WritebackTmp:          0 kB
CommitLimit:    392055940 kB
Committed_AS:     489988 kB
VmallocTotal:   34359738367 kB
VmallocUsed:           0 kB
VmallocChunk:          0 kB
HardwareCorrupted:     0 kB
AnonHugePages:         0 kB
CmaTotal:              0 kB
CmaFree:               0 kB
HugePages_Total:       0
HugePages_Free:        0
HugePages_Rsvd:        0
HugePages_Surp:        0
Hugepagesize:       2048 kB
DirectMap4k:      118744 kB
DirectMap2M:     8007680 kB
DirectMap1G:    788529152 kB
NAME        MAJ:MIN RM  SIZE RO TYPE MOUNTPOINT
loop0         7:0    0 91.4M  1 loop /snap/core/8689
loop1         7:1    0   18M  1 loop /snap/amazon-ssm-agent/1480
loop2         7:2    0   18M  1 loop /snap/amazon-ssm-agent/1566
loop3         7:3    0 93.8M  1 loop /snap/core/8935
loop4         7:4    0        0 loop
loop5         7:5    0        0 loop
loop6         7:6    0        0 loop
loop7         7:7    0        0 loop
nvme0n1     259:2    0    8G  0 disk
└─nvme0n1p1 259:3    0    8G  0 part /
nvme1n1     259:0    0  500G  0 disk
└─nvme1n1p1 259:1    0  500G  0 part /mnt/data
H/W path    Device  Class      Description
==========================================
                    system     r5.24xlarge
/0                  bus        Motherboard
/0/0                memory     64KiB BIOS
/0/4                processor  Intel(R) Xeon(R) Platinum 8175M CPU @ 2.50GHz
/0/5                processor  Intel(R) Xeon(R) Platinum 8175M CPU @ 2.50GHz
/0/1                memory     747GiB System memory
/0/100              bridge     440FX - 82441FX PMC [Natoma]
/0/100/1            bridge     82371SB PIIX3 ISA [Natoma/Triton II]
/0/100/1.3          generic    82371AB/EB/MB PIIX4 ACPI
/0/100/3            display    Amazon.com, Inc.
/0/100/4            storage    Amazon.com, Inc.
/0/100/5    ens5    network    Elastic Network Adapter (ENA)
/0/100/1f           storage    Amazon.com, Inc.